[
    {
        "agents": [
            {
                "id": 0,
                "partyId": 0
            },
            {
                "id": 1,
                "partyId": 1
            }
        ],
        "coalitions": [
            {
                "mandates": 25,
                "parties": [
                    0
                ]
            },
            {
                "mandates": 25,
                "parties": [
                    1
                ]
            }
        ],
        "edges": [
            {
                "from": 0,
                "to": 1,
                "weight": 5
            },
            {
                "from": 0,
                "to": 3,
                "weight": 3
            },
            {
                "from": 1,
                "to": 0,
                "weight": 5
            },
            {
                "from": 1,
                "to": 2,
                "weight": 3
            },
            {
                "from": 2,
                "to": 1,
                "weight": 3
            },
            {
                "from": 2,
                "to": 4,
                "weight": 1
            },
            {
                "from": 3,
                "to": 0,
                "weight": 3
            },
            {
                "from": 3,
                "to": 4,
                "weight": 1
            },
            {
                "from": 4,
                "to": 2,
                "weight": 1
            },
            {
                "from": 4,
                "to": 3,
                "weight": 1
            }
        ],
        "parties": [
            {
                "id": 0,
                "mandates": 25,
                "name": "Ted Mosby",
                "state": "Joined"
            },
            {
                "id": 1,
                "mandates": 25,
                "name": "Barney Stinson",
                "state": "Joined"
            },
            {
                "id": 2,
                "mandates": 25,
                "name": "Robin Scherbatsky",
                "state": "Waiting"
            },
            {
                "id": 3,
                "mandates": 25,
                "name": "Lily Aldrin",
                "state": "Waiting"
            },
            {
                "id": 4,
                "mandates": 20,
                "name": "Marshall Eriksen",
                "state": "Waiting"
            }
        ]
    },
    {
        "agents": [
            {
                "id": 0,
                "partyId": 0
            },
            {
                "id": 1,
                "partyId": 1
            }
        ],
        "coalitions": [
            {
                "mandates": 25,
                "parties": [
                    0
                ]
            },
            {
                "mandates": 25,
                "parties": [
                    1
                ]
            }
        ],
        "edges": [
            {
                "from": 0,
                "to": 1,
                "weight": 5
            },
            {
                "from": 0,
                "to": 3,
                "weight": 3
            },
            {
                "from": 1,
                "to": 0,
                "weight": 5
            },
            {
                "from": 1,
                "to": 2,
                "weight": 3
            },
            {
                "from": 2,
                "to": 1,
                "weight": 3
            },
            {
                "from": 2,
                "to": 4,
                "weight": 1
            },
            {
                "from": 3,
                "to": 0,
                "weight": 3
            },
            {
                "from": 3,
                "to": 4,
                "weight": 1
            },
            {
                "from": 4,
                "to": 2,
                "weight": 1
            },
            {
                "from": 4,
                "to": 3,
                "weight": 1
            }
        ],
        "parties": [
            {
                "id": 0,
                "mandates": 25,
                "name": "Ted Mosby",
                "state": "Joined"
            },
            {
                "id": 1,
                "mandates": 25,
                "name": "Barney Stinson",
                "state": "Joined"
            },
            {
                "id": 2,
                "mandates": 25,
                "name": "Robin Scherbatsky",
                "state": "CollectingOffers"
            },
            {
                "id": 3,
                "mandates": 25,
                "name": "Lily Aldrin",
                "state": "CollectingOffers"
            },
            {
                "id": 4,
                "mandates": 20,
                "name": "Marshall Eriksen",
                "state": "Waiting"
            }
        ]
    },
    {
        "agents": [
            {
                "id": 0,
                "partyId": 0
            },
            {
                "id": 1,
                "partyId": 1
            }
        ],
        "coalitions": [
            {
                "mandates": 25,
                "parties": [
                    0
                ]
            },
            {
                "mandates": 25,
                "parties": [
                    1
                ]
            }
        ],
        "edges": [
            {
                "from": 0,
                "to": 1,
                "weight": 5
            },
            {
                "from": 0,
                "to": 3,
                "weight": 3
            },
            {
                "from": 1,
                "to": 0,
                "weight": 5
            },
            {
                "from": 1,
                "to": 2,
                "weight": 3
            },
            {
                "from": 2,
                "to": 1,
                "weight": 3
            },
            {
                "from": 2,
                "to": 4,
                "weight": 1
            },
            {
                "from": 3,
                "to": 0,
                "weight": 3
            },
            {
                "from": 3,
                "to": 4,
                "weight": 1
            },
            {
                "from": 4,
                "to": 2,
                "weight": 1
            },
            {
                "from": 4,
                "to": 3,
                "weight": 1
            }
        ],
        "parties": [
            {
                "id": 0,
                "mandates": 25,
                "name": "Ted Mosby",
                "state": "Joined"
            },
            {
                "id": 1,
                "mandates": 25,
                "name": "Barney Stinson",
                "state": "Joined"
            },
            {
                "id": 2,
                "mandates": 25,
                "name": "Robin Scherbatsky",
                "state": "CollectingOffers"
            },
            {
                "id": 3,
                "mandates": 25,
                "name": "Lily Aldrin",
                "state": "CollectingOffers"
            },
            {
                "id": 4,
                "mandates": 20,
                "name": "Marshall Eriksen",
                "state": "Waiting"
            }
        ]
    },
    {
        "agents": [
            {
                "id": 0,
                "partyId": 0
            },
            {
                "id": 1,
                "partyId": 1
            }
        ],
        "coalitions": [
            {
                "mandates": 25,
                "parties": [
                    0
                ]
            },
            {
                "mandates": 25,
                "parties": [
                    1
                ]
            }
        ],
        "edges": [
            {
                "from": 0,
                "to": 1,
                "weight": 5
            },
            {
                "from": 0,
                "to": 3,
                "weight": 3
            },
            {
                "from": 1,
                "to": 0,
                "weight": 5
            },
            {
                "from": 1,
                "to": 2,
                "weight": 3
            },
            {
                "from": 2,
                "to": 1,
                "weight": 3
            },
            {
                "from": 2,
                "to": 4,
                "weight": 1
            },
            {
                "from": 3,
                "to": 0,
                "weight": 3
            },
            {
                "from": 3,
                "to": 4,
                "weight": 1
            },
            {
                "from": 4,
                "to": 2,
                "weight": 1
            },
            {
                "from": 4,
                "to": 3,
                "weight": 1
            }
        ],
        "parties": [
            {
                "id": 0,
                "mandates": 25,
                "name": "Ted Mosby",
                "state": "Joined"
            },
            {
                "id": 1,
                "mandates": 25,
                "name": "Barney Stinson",
                "state": "Joined"
            },
            {
                "id": 2,
                "mandates": 25,
                "name": "Robin Scherbatsky",
                "state": "CollectingOffers"
            },
            {
                "id": 3,
                "mandates": 25,
                "name": "Lily Aldrin",
                "state": "CollectingOffers"
            },
            {
                "id": 4,
                "mandates": 20,
                "name": "Marshall Eriksen",
                "state": "Waiting"
            }
        ]
    },
    {
        "agents": [
            {
                "id": 0,
                "partyId": 0
            },
            {
                "id": 1,
                "partyId": 1
            },
            {
                "id": 2,
                "partyId": 2
            },
            {
                "id": 3,
                "partyId": 3
            }
        ],
        "coalitions": [
            {
                "mandates": 50,
                "parties": [
                    0,
                    3
                ]
            },
            {
                "mandates": 50,
                "parties": [
                    1,
                    2
                ]
            }
        ],
        "edges": [
            {
                "from": 0,
                "to": 1,
                "weight": 5
            },
            {
                "from": 0,
                "to": 3,
                "weight": 3
            },
            {
                "from": 1,
                "to": 0,
                "weight": 5
            },
            {
                "from": 1,
                "to": 2,
                "weight": 3
            },
            {
                "from": 2,
                "to": 1,
                "weight": 3
            },
            {
                "from": 2,
                "to": 4,
                "weight": 1
            },
            {
                "from": 3,
                "to": 0,
                "weight": 3
            },
            {
                "from": 3,
                "to": 4,
                "weight": 1
            },
            {
                "from": 4,
                "to": 2,
                "weight": 1
            },
            {
                "from": 4,
                "to": 3,
                "weight": 1
            }
        ],
        "parties": [
            {
                "id": 0,
                "mandates": 25,
                "name": "Ted Mosby",
                "state": "Joined"
            },
            {
                "id": 1,
                "mandates": 25,
                "name": "Barney Stinson",
                "state": "Joined"
            },
            {
                "id": 2,
                "mandates": 25,
                "name": "Robin Scherbatsky",
                "state": "Joined"
            },
            {
                "id": 3,
                "mandates": 25,
                "name": "Lily Aldrin",
                "state": "Joined"
            },
            {
                "id": 4,
                "mandates": 20,
                "name": "Marshall Eriksen",
                "state": "CollectingOffers"
            }
        ]
    },
    {
        "agents": [
            {
                "id": 0,
                "partyId": 0
            },
            {
                "id": 1,
                "partyId": 1
            },
            {
                "id": 2,
                "partyId": 2
            },
            {
                "id": 3,
                "partyId": 3
            }
        ],
        "coalitions": [
            {
                "mandates": 50,
                "parties": [
                    0,
                    3
                ]
            },
            {
                "mandates": 50,
                "parties": [
                    1,
                    2
                ]
            }
        ],
        "edges": [
            {
                "from": 0,
                "to": 1,
                "weight": 5
            },
            {
                "from": 0,
                "to": 3,
                "weight": 3
            },
            {
                "from": 1,
                "to": 0,
                "weight": 5
            },
            {
                "from": 1,
                "to": 2,
                "weight": 3
            },
            {
                "from": 2,
                "to": 1,
                "weight": 3
            },
            {
                "from": 2,
                "to": 4,
                "weight": 1
            },
            {
                "from": 3,
                "to": 0,
                "weight": 3
            },
            {
                "from": 3,
                "to": 4,
                "weight": 1
            },
            {
                "from": 4,
                "to": 2,
                "weight": 1
            },
            {
                "from": 4,
                "to": 3,
                "weight": 1
            }
        ],
        "parties": [
            {
                "id": 0,
                "mandates": 25,
                "name": "Ted Mosby",
                "state": "Joined"
            },
            {
                "id": 1,
                "mandates": 25,
                "name": "Barney Stinson",
                "state": "Joined"
            },
            {
                "id": 2,
                "mandates": 25,
                "name": "Robin Scherbatsky",
                "state": "Joined"
            },
            {
                "id": 3,
                "mandates": 25,
                "name": "Lily Aldrin",
                "state": "Joined"
            },
            {
                "id": 4,
                "mandates": 20,
                "name": "Marshall Eriksen",
                "state": "CollectingOffers"
            }
        ]
    },
    {
        "agents": [
            {
                "id": 0,
                "partyId": 0
            },
            {
                "id": 1,
                "partyId": 1
            },
            {
                "id": 2,
                "partyId": 2
            },
            {
                "id": 3,
                "partyId": 3
            }
        ],
        "coalitions": [
            {
                "mandates": 50,
                "parties": [
                    0,
                    3
                ]
            },
            {
                "mandates": 50,
                "parties": [
                    1,
                    2
                ]
            }
        ],
        "edges": [
            {
                "from": 0,
                "to": 1,
                "weight": 5
            },
            {
                "from": 0,
                "to": 3,
                "weight": 3
            },
            {
                "from": 1,
                "to": 0,
                "weight": 5
            },
            {
                "from": 1,
                "to": 2,
                "weight": 3
            },
            {
                "from": 2,
                "to": 1,
                "weight": 3
            },
            {
                "from": 2,
                "to": 4,
                "weight": 1
            },
            {
                "from": 3,
                "to": 0,
                "weight": 3
            },
            {
                "from": 3,
                "to": 4,
                "weight": 1
            },
            {
                "from": 4,
                "to": 2,
                "weight": 1
            },
            {
                "from": 4,
                "to": 3,
                "weight": 1
            }
        ],
        "parties": [
            {
                "id": 0,
                "mandates": 25,
                "name": "Ted Mosby",
                "state": "Joined"
            },
            {
                "id": 1,
                "mandates": 25,
                "name": "Barney Stinson",
                "state": "Joined"
            },
            {
                "id": 2,
                "mandates": 25,
                "name": "Robin Scherbatsky",
                "state": "Joined"
            },
            {
                "id": 3,
                "mandates": 25,
                "name": "Lily Aldrin",
                "state": "Joined"
            },
            {
                "id": 4,
                "mandates": 20,
                "name": "Marshall Eriksen",
                "state": "CollectingOffers"
            }
        ]
    },
    {
        "agents": [
            {
                "id": 0,
                "partyId": 0
            },
            {
                "id": 1,
                "partyId": 1
            },
            {
                "id": 2,
                "partyId": 2
            },
            {
                "id": 3,
                "partyId": 3
            },
            {
                "id": 4,
                "partyId": 4
            }
        ],
        "coalitions": [
            {
                "mandates": 70,
                "parties": [
                    0,
                    3,
                    4
                ]
            },
            {
                "mandates": 50,
                "parties": [
                    1,
                    2
                ]
            }
        ],
        "edges": [
            {
                "from": 0,
                "to": 1,
                "weight": 5
            },
            {
                "from": 0,
                "to": 3,
                "weight": 3
            },
            {
                "from": 1,
                "to": 0,
                "weight": 5
            },
            {
                "from": 1,
                "to": 2,
                "weight": 3
            },
            {
                "from": 2,
                "to": 1,
                "weight": 3
            },
            {
                "from": 2,
                "to": 4,
                "weight": 1
            },
            {
                "from": 3,
                "to": 0,
                "weight": 3
            },
            {
                "from": 3,
                "to": 4,
                "weight": 1
            },
            {
                "from": 4,
                "to": 2,
                "weight": 1
            },
            {
                "from": 4,
                "to": 3,
                "weight": 1
            }
        ],
        "parties": [
            {
                "id": 0,
                "mandates": 25,
                "name": "Ted Mosby",
                "state": "Joined"
            },
            {
                "id": 1,
                "mandates": 25,
                "name": "Barney Stinson",
                "state": "Joined"
            },
            {
                "id": 2,
                "mandates": 25,
                "name": "Robin Scherbatsky",
                "state": "Joined"
            },
            {
                "id": 3,
                "mandates": 25,
                "name": "Lily Aldrin",
                "state": "Joined"
            },
            {
                "id": 4,
                "mandates": 20,
                "name": "Marshall Eriksen",
                "state": "Joined"
            }
        ]
    }
]
